2026.05.20 18:10:26 WARN  Using H2 2.4.240 which is newer than the version Flyway has been verified with. The latest verified version of H2 is 2.3.232.
2026.05.20 18:10:26 INFO  no build target found for E:\004 szko³a\rok 3\semestr 6\pwsi\projekt\kalkulator-placowy\src\main\java\pl\edu\payroll\PayrollApplication.java. Using fallback presentation compiler.
2026.05.20 18:10:26 INFO  no build target found for E:\004 szko³a\rok 3\semestr 6\pwsi\projekt\kalkulator-placowy\src\main\java\pl\edu\payroll\PayrollApplication.java. Using fallback presentation compiler.
2026.05.20 18:10:26 INFO  no build target found for E:\004 szko³a\rok 3\semestr 6\pwsi\projekt\kalkulator-placowy\src\main\java\pl\edu\payroll\PayrollApplication.java. Using fallback presentation compiler.
2026.05.20 18:10:27 INFO  no build target found for E:\004 szko³a\rok 3\semestr 6\pwsi\projekt\kalkulator-placowy\src\main\java\pl\edu\payroll\PayrollApplication.java. Using fallback presentation compiler.
2026.05.20 18:10:34 INFO  no build target found for E:\004 szko³a\rok 3\semestr 6\pwsi\projekt\kalkulator-placowy\src\main\java\pl\edu\payroll\PayrollApplication.java. Using fallback presentation compiler.
2026.05.20 18:10:37 INFO  no build target found for E:\004 szko³a\rok 3\semestr 6\pwsi\projekt\kalkulator-placowy\src\main\java\pl\edu\payroll\PayrollApplication.java. Using fallback presentation compiler.
2026.05.20 18:10:37 INFO  no build target found for E:\004 szko³a\rok 3\semestr 6\pwsi\projekt\kalkulator-placowy\src\main\java\pl\edu\payroll\PayrollApplication.java. Using fallback presentation compiler.
2026.05.20 18:10:42 INFO  no build target found for E:\004 szko³a\rok 3\semestr 6\pwsi\projekt\kalkulator-placowy\src\main\java\pl\edu\payroll\PayrollApplication.java. Using fallback presentation compiler.
2026.05.20 18:10:42 INFO  no build target found for E:\004 szko³a\rok 3\semestr 6\pwsi\projekt\kalkulator-placowy\src\main\java\pl\edu\payroll\dto\EmployeeCreateDto.java. Using fallback presentation compiler.
2026.05.20 18:10:42 INFO  no build target found for E:\004 szko³a\rok 3\semestr 6\pwsi\projekt\kalkulator-placowy\src\main\java\pl\edu\payroll\dto\EmployeeCreateDto.java. Using fallback presentation compiler.
2026.05.20 18:10:42 INFO  no build target found for E:\004 szko³a\rok 3\semestr 6\pwsi\projekt\kalkulator-placowy\src\main\java\pl\edu\payroll\dto\EmployeeCreateDto.java. Using fallback presentation compiler.
2026.05.20 18:10:44 INFO  no build target found for E:\004 szko³a\rok 3\semestr 6\pwsi\projekt\kalkulator-placowy\src\main\java\pl\edu\payroll\dto\EmployeeCreateDto.java. Using fallback presentation compiler.
2026.05.20 18:10:46 INFO  no build target found for E:\004 szko³a\rok 3\semestr 6\pwsi\projekt\kalkulator-placowy\src\main\java\pl\edu\payroll\dto\EmployeeUpdateDto.java. Using fallback presentation compiler.
2026.05.20 18:10:46 INFO  no build target found for E:\004 szko³a\rok 3\semestr 6\pwsi\projekt\kalkulator-placowy\src\main\java\pl\edu\payroll\dto\EmployeeUpdateDto.java. Using fallback presentation compiler.
2026.05.20 18:10:46 INFO  no build target found for E:\004 szko³a\rok 3\semestr 6\pwsi\projekt\kalkulator-placowy\src\main\java\pl\edu\payroll\dto\EmployeeUpdateDto.java. Using fallback presentation compiler.
2026.05.20 18:10:48 INFO  no build target found for E:\004 szko³a\rok 3\semestr 6\pwsi\projekt\kalkulator-placowy\src\main\java\pl\edu\payroll\dto\EmployeeUpdateDto.java. Using fallback presentation compiler.
2026.05.20 18:10:48 INFO  no build target found for E:\004 szko³a\rok 3\semestr 6\pwsi\projekt\kalkulator-placowy\src\main\java\pl\edu\payroll\dto\EmployeeResponseDto.java. Using fallback presentation compiler.
2026.05.20 18:10:48 INFO  no build target found for E:\004 szko³a\rok 3\semestr 6\pwsi\projekt\kalkulator-placowy\src\main\java\pl\edu\payroll\dto\EmployeeResponseDto.java. Using fallback presentation compiler.
2026.05.20 18:10:48 INFO  no build target found for E:\004 szko³a\rok 3\semestr 6\pwsi\projekt\kalkulator-placowy\src\main\java\pl\edu\payroll\dto\EmployeeResponseDto.java. Using fallback presentation compiler.
2026.05.20 18:10:49 INFO  no build target found for E:\004 szko³a\rok 3\semestr 6\pwsi\projekt\kalkulator-placowy\src\main\java\pl\edu\payroll\dto\EmployeeResponseDto.java. Using fallback presentation compiler.
2026.05.20 18:10:55 INFO  no build target found for E:\004 szko³a\rok 3\semestr 6\pwsi\projekt\kalkulator-placowy\src\main\java\pl\edu\payroll\dto\EmployeeResponseDto.java. Using fallback presentation compiler.
2026.05.20 18:10:57 INFO  no build target found for E:\004 szko³a\rok 3\semestr 6\pwsi\projekt\kalkulator-placowy\src\main\java\pl\edu\payroll\dto\EmployeeResponseDto.java. Using fallback presentation compiler.
2026.05.20 18:10:57 INFO  no build target found for E:\004 szko³a\rok 3\semestr 6\pwsi\projekt\kalkulator-placowy\src\main\java\pl\edu\payroll\dto\EmployeeResponseDto.java. Using fallback presentation compiler.
2026.05.20 18:11:18 INFO  no build target found for E:\004 szko³a\rok 3\semestr 6\pwsi\projekt\kalkulator-placowy\src\main\java\pl\edu\payroll\dto\EmployeeResponseDto.java. Using fallback presentation compiler.
2026.05.20 18:11:19 WARN  no build target for: E:\004 szko³a\rok 3\semestr 6\pwsi\projekt\kalkulator-placowy\src\main\java\pl\edu\payroll\dto\EmployeeResponseDto.java
2026.05.20 18:11:19 INFO  no build target found for E:\004 szko³a\rok 3\semestr 6\pwsi\projekt\kalkulator-placowy\src\main\java\pl\edu\payroll\dto\EmployeeResponseDto.java. Using fallback presentation compiler.
2026.05.20 18:11:19 INFO  no build target found for E:\004 szko³a\rok 3\semestr 6\pwsi\projekt\kalkulator-placowy\src\main\java\pl\edu\payroll\dto\EmployeeResponseDto.java. Using fallback presentation compiler.
2026.05.20 18:11:19 INFO  no build target found for E:\004 szko³a\rok 3\semestr 6\pwsi\projekt\kalkulator-placowy\src\main\java\pl\edu\payroll\dto\EmployeeResponseDto.java. Using fallback presentation compiler.
2026.05.20 18:11:19 INFO  no build target found for E:\004 szko³a\rok 3\semestr 6\pwsi\projekt\kalkulator-placowy\src\main\java\pl\edu\payroll\dto\EmployeeResponseDto.java. Using fallback presentation compiler.
2026.05.20 18:11:19 INFO  no build target found for E:\004 szko³a\rok 3\semestr 6\pwsi\projekt\kalkulator-placowy\src\main\java\pl\edu\payroll\dto\EmployeeResponseDto.java. Using fallback presentation compiler.
2026.05.20 18:11:21 INFO  no build target found for E:\004 szko³a\rok 3\semestr 6\pwsi\projekt\kalkulator-placowy\src\main\java\pl\edu\payroll\dto\EmployeeResponseDto.java. Using fallback presentation compiler.
2026.05.20 18:11:30 INFO  no build target found for E:\004 szko³a\rok 3\semestr 6\pwsi\projekt\kalkulator-placowy\src\main\java\pl\edu\payroll\dto\EmployeeResponseDto.java. Using fallback presentation compiler.
2026.05.20 18:11:31 WARN  no build target for: E:\004 szko³a\rok 3\semestr 6\pwsi\projekt\kalkulator-placowy\src\main\java\pl\edu\payroll\dto\EmployeeResponseDto.java
2026.05.20 18:11:31 INFO  no build target found for E:\004 szko³a\rok 3\semestr 6\pwsi\projekt\kalkulator-placowy\src\main\java\pl\edu\payroll\dto\EmployeeResponseDto.java. Using fallback presentation compiler.
2026.05.20 18:11:31 INFO  no build target found for E:\004 szko³a\rok 3\semestr 6\pwsi\projekt\kalkulator-placowy\src\main\java\pl\edu\payroll\dto\EmployeeResponseDto.java. Using fallback presentation compiler.
2026.05.20 18:11:32 INFO  no build target found for E:\004 szko³a\rok 3\semestr 6\pwsi\projekt\kalkulator-placowy\src\main\java\pl\edu\payroll\dto\EmployeeResponseDto.java. Using fallback presentation compiler.
2026.05.20 18:11:31 INFO  no build target found for E:\004 szko³a\rok 3\semestr 6\pwsi\projekt\kalkulator-placowy\src\main\java\pl\edu\payroll\dto\EmployeeResponseDto.java. Using fallback presentation compiler.
2026.05.20 18:11:31 INFO  no build target found for E:\004 szko³a\rok 3\semestr 6\pwsi\projekt\kalkulator-placowy\src\main\java\pl\edu\payroll\dto\EmployeeResponseDto.java. Using fallback presentation compiler.
2026.05.20 18:11:32 INFO  no build target found for E:\004 szko³a\rok 3\semestr 6\pwsi\projekt\kalkulator-placowy\src\main\java\pl\edu\payroll\dto\EmployeeResponseDto.java. Using fallback presentation compiler.
2026.05.20 18:11:36 INFO  no build target found for E:\004 szko³a\rok 3\semestr 6\pwsi\projekt\kalkulator-placowy\src\main\java\pl\edu\payroll\dto\EmployeeResponseDto.java. Using fallback presentation compiler.
2026.05.20 18:11:36 INFO  no build target found for E:\004 szko³a\rok 3\semestr 6\pwsi\projekt\kalkulator-placowy\src\main\java\pl\edu\payroll\dto\EmployeeResponseDto.java. Using fallback presentation compiler.
2026.05.20 18:11:36 INFO  no build target found for E:\004 szko³a\rok 3\semestr 6\pwsi\projekt\kalkulator-placowy\src\main\java\pl\edu\payroll\dto\EmployeeResponseDto.java. Using fallback presentation compiler.
2026.05.20 18:11:37 INFO  no build target found for E:\004 szko³a\rok 3\semestr 6\pwsi\projekt\kalkulator-placowy\src\main\java\pl\edu\payroll\dto\EmployeeResponseDto.java. Using fallback presentation compiler.
2026.05.20 18:11:37 INFO  no build target found for E:\004 szko³a\rok 3\semestr 6\pwsi\projekt\kalkulator-placowy\src\main\java\pl\edu\payroll\dto\EmployeeResponseDto.java. Using fallback presentation compiler.
2026.05.20 18:11:37 INFO  no build target found for E:\004 szko³a\rok 3\semestr 6\pwsi\projekt\kalkulator-placowy\src\main\java\pl\edu\payroll\dto\EmployeeResponseDto.java. Using fallback presentation compiler.
2026.05.20 18:11:38 INFO  no build target found for E:\004 szko³a\rok 3\semestr 6\pwsi\projekt\kalkulator-placowy\src\main\java\pl\edu\payroll\dto\EmployeeResponseDto.java. Using fallback presentation compiler.
2026.05.20 18:11:37 INFO  no build target found for E:\004 szko³a\rok 3\semestr 6\pwsi\projekt\kalkulator-placowy\src\main\java\pl\edu\payroll\dto\EmployeeResponseDto.java. Using fallback presentation compiler.
2026.05.20 18:11:39 INFO  no build target found for E:\004 szko³a\rok 3\semestr 6\pwsi\projekt\kalkulator-placowy\src\main\java\pl\edu\payroll\dto\EmployeeResponseDto.java. Using fallback presentation compiler.
2026.05.20 18:11:41 INFO  no build target found for E:\004 szko³a\rok 3\semestr 6\pwsi\projekt\kalkulator-placowy\src\main\java\pl\edu\payroll\dto\EmployeeResponseDto.java. Using fallback presentation compiler.
2026.05.20 18:11:41 WARN  no build target for: E:\004 szko³a\rok 3\semestr 6\pwsi\projekt\kalkulator-placowy\src\main\java\pl\edu\payroll\dto\EmployeeResponseDto.java
2026.05.20 18:11:42 INFO  no build target found for E:\004 szko³a\rok 3\semestr 6\pwsi\projekt\kalkulator-placowy\src\main\java\pl\edu\payroll\dto\EmployeeResponseDto.java. Using fallback presentation compiler.
2026.05.20 18:11:42 INFO  no build target found for E:\004 szko³a\rok 3\semestr 6\pwsi\projekt\kalkulator-placowy\src\main\java\pl\edu\payroll\dto\EmployeeResponseDto.java. Using fallback presentation compiler.
2026.05.20 18:11:42 INFO  no build target found for E:\004 szko³a\rok 3\semestr 6\pwsi\projekt\kalkulator-placowy\src\main\java\pl\edu\payroll\dto\EmployeeResponseDto.java. Using fallback presentation compiler.
2026.05.20 18:11:42 INFO  no build target found for E:\004 szko³a\rok 3\semestr 6\pwsi\projekt\kalkulator-placowy\src\main\java\pl\edu\payroll\dto\EmployeeResponseDto.java. Using fallback presentation compiler.
2026.05.20 18:11:51 INFO  no build target found for E:\004 szko³a\rok 3\semestr 6\pwsi\projekt\kalkulator-placowy\src\main\java\pl\edu\payroll\dto\EmployeeResponseDto.java. Using fallback presentation compiler.
2026.05.20 18:11:51 WARN  no build target for: E:\004 szko³a\rok 3\semestr 6\pwsi\projekt\kalkulator-placowy\src\main\java\pl\edu\payroll\dto\EmployeeResponseDto.java
2026.05.20 18:11:53 INFO  no build target found for E:\004 szko³a\rok 3\semestr 6\pwsi\projekt\kalkulator-placowy\src\main\java\pl\edu\payroll\dto\EmployeeResponseDto.java. Using fallback presentation compiler.
2026.05.20 18:11:53 INFO  no build target found for E:\004 szko³a\rok 3\semestr 6\pwsi\projekt\kalkulator-placowy\src\main\java\pl\edu\payroll\dto\EmployeeResponseDto.java. Using fallback presentation compiler.
2026.05.20 18:11:53 INFO  no build target found for E:\004 szko³a\rok 3\semestr 6\pwsi\projekt\kalkulator-placowy\src\main\java\pl\edu\payroll\dto\EmployeeResponseDto.java. Using fallback presentation compiler.
2026.05.20 18:11:53 INFO  no build target found for E:\004 szko³a\rok 3\semestr 6\pwsi\projekt\kalkulator-placowy\src\main\java\pl\edu\payroll\dto\EmployeeResponseDto.java. Using fallback presentation compiler.
2026.05.20 18:12:09 INFO  no build target found for E:\004 szko³a\rok 3\semestr 6\pwsi\projekt\kalkulator-placowy\src\main\java\pl\edu\payroll\dto\EmployeeResponseDto.java. Using fallback presentation compiler.
2026.05.20 18:12:09 WARN  no build target for: E:\004 szko³a\rok 3\semestr 6\pwsi\projekt\kalkulator-placowy\src\main\java\pl\edu\payroll\dto\EmployeeResponseDto.java
2026.05.20 18:12:16 INFO  no build target found for E:\004 szko³a\rok 3\semestr 6\pwsi\projekt\kalkulator-placowy\src\main\java\pl\edu\payroll\dto\EmployeeResponseDto.java. Using fallback presentation compiler.
2026.05.20 18:12:16 INFO  no build target found for E:\004 szko³a\rok 3\semestr 6\pwsi\projekt\kalkulator-placowy\src\main\java\pl\edu\payroll\dto\EmployeeResponseDto.java. Using fallback presentation compiler.
2026.05.20 18:12:16 INFO  no build target found for E:\004 szko³a\rok 3\semestr 6\pwsi\projekt\kalkulator-placowy\src\main\java\pl\edu\payroll\dto\EmployeeResponseDto.java. Using fallback presentation compiler.
2026.05.20 18:12:16 INFO  no build target found for E:\004 szko³a\rok 3\semestr 6\pwsi\projekt\kalkulator-placowy\src\main\java\pl\edu\payroll\dto\EmployeeResponseDto.java. Using fallback presentation compiler.
2026.05.20 18:12:57 INFO  no build target found for E:\004 szko³a\rok 3\semestr 6\pwsi\projekt\kalkulator-placowy\src\main\java\pl\edu\payroll\dto\EmployeeResponseDto.java. Using fallback presentation compiler.
2026.05.20 18:12:57 WARN  no build target for: E:\004 szko³a\rok 3\semestr 6\pwsi\projekt\kalkulator-placowy\src\main\java\pl\edu\payroll\dto\EmployeeResponseDto.java
2026.05.20 18:12:57 INFO  no build target found for E:\004 szko³a\rok 3\semestr 6\pwsi\projekt\kalkulator-placowy\src\main\java\pl\edu\payroll\dto\EmployeeResponseDto.java. Using fallback presentation compiler.
2026.05.20 18:12:58 INFO  no build target found for E:\004 szko³a\rok 3\semestr 6\pwsi\projekt\kalkulator-placowy\src\main\java\pl\edu\payroll\dto\EmployeeResponseDto.java. Using fallback presentation compiler.
2026.05.20 18:12:59 INFO  no build target found for E:\004 szko³a\rok 3\semestr 6\pwsi\projekt\kalkulator-placowy\src\main\java\pl\edu\payroll\dto\EmployeeResponseDto.java. Using fallback presentation compiler.
2026.05.20 18:13:33 INFO  no build target found for E:\004 szko³a\rok 3\semestr 6\pwsi\projekt\kalkulator-placowy\src\main\java\pl\edu\payroll\dto\EmployeeResponseDto.java. Using fallback presentation compiler.
2026.05.20 18:13:33 WARN  no build target for: E:\004 szko³a\rok 3\semestr 6\pwsi\projekt\kalkulator-placowy\src\main\java\pl\edu\payroll\dto\EmployeeResponseDto.java
2026.05.20 18:13:33 INFO  no build target found for E:\004 szko³a\rok 3\semestr 6\pwsi\projekt\kalkulator-placowy\src\main\java\pl\edu\payroll\dto\EmployeeResponseDto.java. Using fallback presentation compiler.
2026.05.20 18:13:34 INFO  no build target found for E:\004 szko³a\rok 3\semestr 6\pwsi\projekt\kalkulator-placowy\src\main\java\pl\edu\payroll\dto\EmployeeResponseDto.java. Using fallback presentation compiler.
2026.05.20 18:13:36 INFO  no build target found for E:\004 szko³a\rok 3\semestr 6\pwsi\projekt\kalkulator-placowy\src\main\java\pl\edu\payroll\dto\EmployeeResponseDto.java. Using fallback presentation compiler.
2026.05.20 18:13:42 INFO  no build target found for E:\004 szko³a\rok 3\semestr 6\pwsi\projekt\kalkulator-placowy\src\main\java\pl\edu\payroll\dto\EmployeeCreateDto.java. Using fallback presentation compiler.
2026.05.20 18:13:46 INFO  no build target found for E:\004 szko³a\rok 3\semestr 6\pwsi\projekt\kalkulator-placowy\src\main\java\pl\edu\payroll\dto\EmployeeUpdateDto.java. Using fallback presentation compiler.
2026.05.20 18:14:07 INFO  no build target found for E:\004 szko³a\rok 3\semestr 6\pwsi\projekt\kalkulator-placowy\src\main\java\pl\edu\payroll\dto\EmployeeResponseDto.java. Using fallback presentation compiler.
2026.05.20 18:14:07 INFO  no build target found for E:\004 szko³a\rok 3\semestr 6\pwsi\projekt\kalkulator-placowy\src\main\java\pl\edu\payroll\dto\EmployeeResponseDto.java. Using fallback presentation compiler.
2026.05.20 18:14:08 INFO  no build target found for E:\004 szko³a\rok 3\semestr 6\pwsi\projekt\kalkulator-placowy\src\main\java\pl\edu\payroll\dto\EmployeeResponseDto.java. Using fallback presentation compiler.
2026.05.20 18:14:27 INFO  no build target found for E:\004 szko³a\rok 3\semestr 6\pwsi\projekt\kalkulator-placowy\src\main\java\pl\edu\payroll\dto\EmployeeResponseDto.java. Using fallback presentation compiler.
2026.05.20 18:14:28 WARN  no build target for: E:\004 szko³a\rok 3\semestr 6\pwsi\projekt\kalkulator-placowy\src\main\java\pl\edu\payroll\dto\EmployeeResponseDto.java
2026.05.20 18:14:28 INFO  no build target found for E:\004 szko³a\rok 3\semestr 6\pwsi\projekt\kalkulator-placowy\src\main\java\pl\edu\payroll\dto\EmployeeResponseDto.java. Using fallback presentation compiler.
2026.05.20 18:14:28 INFO  no build target found for E:\004 szko³a\rok 3\semestr 6\pwsi\projekt\kalkulator-placowy\src\main\java\pl\edu\payroll\dto\EmployeeResponseDto.java. Using fallback presentation compiler.
2026.05.20 18:14:28 INFO  no build target found for E:\004 szko³a\rok 3\semestr 6\pwsi\projekt\kalkulator-placowy\src\main\java\pl\edu\payroll\dto\EmployeeResponseDto.java. Using fallback presentation compiler.
2026.05.20 18:14:28 INFO  no build target found for E:\004 szko³a\rok 3\semestr 6\pwsi\projekt\kalkulator-placowy\src\main\java\pl\edu\payroll\dto\EmployeeResponseDto.java. Using fallback presentation compiler.
2026.05.20 18:14:30 INFO  no build target found for E:\004 szko³a\rok 3\semestr 6\pwsi\projekt\kalkulator-placowy\src\main\java\pl\edu\payroll\dto\EmployeeResponseDto.java. Using fallback presentation compiler.
2026.05.20 18:14:45 INFO  no build target found for E:\004 szko³a\rok 3\semestr 6\pwsi\projekt\kalkulator-placowy\src\main\java\pl\edu\payroll\dto\EmployeeResponseDto.java. Using fallback presentation compiler.
2026.05.20 18:14:46 WARN  no build target for: E:\004 szko³a\rok 3\semestr 6\pwsi\projekt\kalkulator-placowy\src\main\java\pl\edu\payroll\dto\EmployeeResponseDto.java
2026.05.20 18:14:46 INFO  no build target found for E:\004 szko³a\rok 3\semestr 6\pwsi\projekt\kalkulator-placowy\src\main\java\pl\edu\payroll\dto\EmployeeResponseDto.java. Using fallback presentation compiler.
2026.05.20 18:14:46 INFO  no build target found for E:\004 szko³a\rok 3\semestr 6\pwsi\projekt\kalkulator-placowy\src\main\java\pl\edu\payroll\dto\EmployeeResponseDto.java. Using fallback presentation compiler.
2026.05.20 18:14:46 INFO  no build target found for E:\004 szko³a\rok 3\semestr 6\pwsi\projekt\kalkulator-placowy\src\main\java\pl\edu\payroll\dto\EmployeeResponseDto.java. Using fallback presentation compiler.
2026.05.20 18:14:46 INFO  no build target found for E:\004 szko³a\rok 3\semestr 6\pwsi\projekt\kalkulator-placowy\src\main\java\pl\edu\payroll\dto\EmployeeResponseDto.java. Using fallback presentation compiler.
2026.05.20 18:15:22 INFO  no build target found for E:\004 szko³a\rok 3\semestr 6\pwsi\projekt\kalkulator-placowy\src\main\java\pl\edu\payroll\dto\EmployeeResponseDto.java. Using fallback presentation compiler.
2026.05.20 18:15:22 WARN  no build target for: E:\004 szko³a\rok 3\semestr 6\pwsi\projekt\kalkulator-placowy\src\main\java\pl\edu\payroll\dto\EmployeeResponseDto.java
2026.05.20 18:15:22 INFO  no build target found for E:\004 szko³a\rok 3\semestr 6\pwsi\projekt\kalkulator-placowy\src\main\java\pl\edu\payroll\dto\EmployeeResponseDto.java. Using fallback presentation compiler.
2026.05.20 18:15:23 INFO  no build target found for E:\004 szko³a\rok 3\semestr 6\pwsi\projekt\kalkulator-placowy\src\main\java\pl\edu\payroll\dto\EmployeeResponseDto.java. Using fallback presentation compiler.
2026.05.20 18:15:23 INFO  no build target found for E:\004 szko³a\rok 3\semestr 6\pwsi\projekt\kalkulator-placowy\src\main\java\pl\edu\payroll\dto\EmployeeResponseDto.java. Using fallback presentation compiler.
2026.05.20 18:15:23 INFO  no build target found for E:\004 szko³a\rok 3\semestr 6\pwsi\projekt\kalkulator-placowy\src\main\java\pl\edu\payroll\dto\EmployeeResponseDto.java. Using fallback presentation compiler.
2026.05.20 18:15:46 INFO  no build target found for E:\004 szko³a\rok 3\semestr 6\pwsi\projekt\kalkulator-placowy\src\main\java\pl\edu\payroll\dto\EmployeeResponseDto.java. Using fallback presentation compiler.
2026.05.20 18:15:46 WARN  no build target for: E:\004 szko³a\rok 3\semestr 6\pwsi\projekt\kalkulator-placowy\src\main\java\pl\edu\payroll\dto\EmployeeResponseDto.java
2026.05.20 18:15:47 INFO  no build target found for E:\004 szko³a\rok 3\semestr 6\pwsi\projekt\kalkulator-placowy\src\main\java\pl\edu\payroll\dto\EmployeeResponseDto.java. Using fallback presentation compiler.
2026.05.20 18:15:47 INFO  no build target found for E:\004 szko³a\rok 3\semestr 6\pwsi\projekt\kalkulator-placowy\src\main\java\pl\edu\payroll\dto\EmployeeResponseDto.java. Using fallback presentation compiler.
2026.05.20 18:15:47 INFO  no build target found for E:\004 szko³a\rok 3\semestr 6\pwsi\projekt\kalkulator-placowy\src\main\java\pl\edu\payroll\dto\EmployeeResponseDto.java. Using fallback presentation compiler.
2026.05.20 18:15:50 INFO  no build target found for E:\004 szko³a\rok 3\semestr 6\pwsi\projekt\kalkulator-placowy\src\main\java\pl\edu\payroll\service\PasswordResetService.java. Using fallback presentation compiler.
2026.05.20 18:15:50 INFO  no build target found for E:\004 szko³a\rok 3\semestr 6\pwsi\projekt\kalkulator-placowy\src\main\java\pl\edu\payroll\service\PasswordResetService.java. Using fallback presentation compiler.
2026.05.20 18:15:51 INFO  no build target found for E:\004 szko³a\rok 3\semestr 6\pwsi\projekt\kalkulator-placowy\src\main\java\pl\edu\payroll\service\PasswordResetService.java. Using fallback presentation compiler.
2026.05.20 18:15:51 INFO  no build target found for E:\004 szko³a\rok 3\semestr 6\pwsi\projekt\kalkulator-placowy\src\main\java\pl\edu\payroll\service\PasswordResetService.java. Using fallback presentation compiler.
2026.05.20 18:15:51 INFO  no build target found for E:\004 szko³a\rok 3\semestr 6\pwsi\projekt\kalkulator-placowy\src\main\java\pl\edu\payroll\service\PasswordResetService.java. Using fallback presentation compiler.
2026.05.20 18:15:57 INFO  no build target found for E:\004 szko³a\rok 3\semestr 6\pwsi\projekt\kalkulator-placowy\src\main\java\pl\edu\payroll\service\PasswordResetService.java. Using fallback presentation compiler.
2026.05.20 18:16:08 INFO  no build target found for E:\004 szko³a\rok 3\semestr 6\pwsi\projekt\kalkulator-placowy\src\main\java\pl\edu\payroll\service\PasswordResetService.java. Using fallback presentation compiler.
2026.05.20 18:16:09 INFO  no build target found for E:\004 szko³a\rok 3\semestr 6\pwsi\projekt\kalkulator-placowy\src\main\java\pl\edu\payroll\service\PasswordResetService.java. Using fallback presentation compiler.
2026.05.20 18:16:09 INFO  no build target found for E:\004 szko³a\rok 3\semestr 6\pwsi\projekt\kalkulator-placowy\src\main\java\pl\edu\payroll\service\PasswordResetService.java. Using fallback presentation compiler.
2026.05.20 18:16:27 INFO  no build target found for E:\004 szko³a\rok 3\semestr 6\pwsi\projekt\kalkulator-placowy\src\main\java\pl\edu\payroll\service\PasswordResetService.java. Using fallback presentation compiler.
2026.05.20 18:16:27 WARN  no build target for: E:\004 szko³a\rok 3\semestr 6\pwsi\projekt\kalkulator-placowy\src\main\java\pl\edu\payroll\service\PasswordResetService.java
2026.05.20 18:16:29 INFO  no build target found for E:\004 szko³a\rok 3\semestr 6\pwsi\projekt\kalkulator-placowy\src\main\java\pl\edu\payroll\service\PasswordResetService.java. Using fallback presentation compiler.
2026.05.20 18:16:29 INFO  no build target found for E:\004 szko³a\rok 3\semestr 6\pwsi\projekt\kalkulator-placowy\src\main\java\pl\edu\payroll\service\PasswordResetService.java. Using fallback presentation compiler.
2026.05.20 18:16:29 INFO  no build target found for E:\004 szko³a\rok 3\semestr 6\pwsi\projekt\kalkulator-placowy\src\main\java\pl\edu\payroll\service\PasswordResetService.java. Using fallback presentation compiler.
2026.05.20 18:16:29 INFO  no build target found for E:\004 szko³a\rok 3\semestr 6\pwsi\projekt\kalkulator-placowy\src\main\java\pl\edu\payroll\service\PasswordResetService.java. Using fallback presentation compiler.
2026.05.20 18:16:44 INFO  no build target found for E:\004 szko³a\rok 3\semestr 6\pwsi\projekt\kalkulator-placowy\src\main\java\pl\edu\payroll\service\PasswordResetService.java. Using fallback presentation compiler.
2026.05.20 18:16:46 WARN  no build target for: E:\004 szko³a\rok 3\semestr 6\pwsi\projekt\kalkulator-placowy\src\main\java\pl\edu\payroll\service\PasswordResetService.java
2026.05.20 18:16:46 INFO  no build target found for E:\004 szko³a\rok 3\semestr 6\pwsi\projekt\kalkulator-placowy\src\main\java\pl\edu\payroll\service\PasswordResetService.java. Using fallback presentation compiler.
2026.05.20 18:16:46 INFO  no build target found for E:\004 szko³a\rok 3\semestr 6\pwsi\projekt\kalkulator-placowy\src\main\java\pl\edu\payroll\service\PasswordResetService.java. Using fallback presentation compiler.
2026.05.20 18:16:46 INFO  no build target found for E:\004 szko³a\rok 3\semestr 6\pwsi\projekt\kalkulator-placowy\src\main\java\pl\edu\payroll\service\PasswordResetService.java. Using fallback presentation compiler.
2026.05.20 18:16:47 INFO  no build target found for E:\004 szko³a\rok 3\semestr 6\pwsi\projekt\kalkulator-placowy\src\main\java\pl\edu\payroll\service\PasswordResetService.java. Using fallback presentation compiler.
2026.05.20 18:17:07 INFO  no build target found for E:\004 szko³a\rok 3\semestr 6\pwsi\projekt\kalkulator-placowy\src\main\java\pl\edu\payroll\service\PasswordResetService.java. Using fallback presentation compiler.
2026.05.20 18:17:07 WARN  no build target for: E:\004 szko³a\rok 3\semestr 6\pwsi\projekt\kalkulator-placowy\src\main\java\pl\edu\payroll\service\PasswordResetService.java
2026.05.20 18:17:08 INFO  no build target found for E:\004 szko³a\rok 3\semestr 6\pwsi\projekt\kalkulator-placowy\src\main\java\pl\edu\payroll\service\PasswordResetService.java. Using fallback presentation compiler.
2026.05.20 18:17:08 INFO  no build target found for E:\004 szko³a\rok 3\semestr 6\pwsi\projekt\kalkulator-placowy\src\main\java\pl\edu\payroll\service\PasswordResetService.java. Using fallback presentation compiler.
2026.05.20 18:17:08 INFO  no build target found for E:\004 szko³a\rok 3\semestr 6\pwsi\projekt\kalkulator-placowy\src\main\java\pl\edu\payroll\service\PasswordResetService.java. Using fallback presentation compiler.
2026.05.20 18:17:13 INFO  no build target found for E:\004 szko³a\rok 3\semestr 6\pwsi\projekt\kalkulator-placowy\src\main\java\pl\edu\payroll\controller\PayslipController.java. Using fallback presentation compiler.
2026.05.20 18:17:13 INFO  no build target found for E:\004 szko³a\rok 3\semestr 6\pwsi\projekt\kalkulator-placowy\src\main\java\pl\edu\payroll\controller\PayslipController.java. Using fallback presentation compiler.
2026.05.20 18:17:14 INFO  no build target found for E:\004 szko³a\rok 3\semestr 6\pwsi\projekt\kalkulator-placowy\src\main\java\pl\edu\payroll\controller\PayslipController.java. Using fallback presentation compiler.
2026.05.20 18:17:14 INFO  no build target found for E:\004 szko³a\rok 3\semestr 6\pwsi\projekt\kalkulator-placowy\src\main\java\pl\edu\payroll\controller\PayslipController.java. Using fallback presentation compiler.
2026.05.20 18:17:24 INFO  no build target found for E:\004 szko³a\rok 3\semestr 6\pwsi\projekt\kalkulator-placowy\src\main\java\pl\edu\payroll\controller\PayslipController.java. Using fallback presentation compiler.
2026.05.20 18:17:25 INFO  no build target found for E:\004 szko³a\rok 3\semestr 6\pwsi\projekt\kalkulator-placowy\src\main\java\pl\edu\payroll\controller\PayslipController.java. Using fallback presentation compiler.
2026.05.20 18:17:25 INFO  no build target found for E:\004 szko³a\rok 3\semestr 6\pwsi\projekt\kalkulator-placowy\src\main\java\pl\edu\payroll\controller\PayslipController.java. Using fallback presentation compiler.
2026.05.20 18:17:55 INFO  no build target found for E:\004 szko³a\rok 3\semestr 6\pwsi\projekt\kalkulator-placowy\src\main\java\pl\edu\payroll\controller\PayslipController.java. Using fallback presentation compiler.
2026.05.20 18:17:55 WARN  no build target for: E:\004 szko³a\rok 3\semestr 6\pwsi\projekt\kalkulator-placowy\src\main\java\pl\edu\payroll\controller\PayslipController.java
2026.05.20 18:17:55 INFO  no build target found for E:\004 szko³a\rok 3\semestr 6\pwsi\projekt\kalkulator-placowy\src\main\java\pl\edu\payroll\controller\PayslipController.java. Using fallback presentation compiler.
2026.05.20 18:17:56 INFO  no build target found for E:\004 szko³a\rok 3\semestr 6\pwsi\projekt\kalkulator-placowy\src\main\java\pl\edu\payroll\controller\PayslipController.java. Using fallback presentation compiler.
2026.05.20 18:17:57 INFO  no build target found for E:\004 szko³a\rok 3\semestr 6\pwsi\projekt\kalkulator-placowy\src\main\java\pl\edu\payroll\controller\PayslipController.java. Using fallback presentation compiler.
2026.05.20 18:18:21 INFO  no build target found for E:\004 szko³a\rok 3\semestr 6\pwsi\projekt\kalkulator-placowy\src\main\java\pl\edu\payroll\controller\PayslipController.java. Using fallback presentation compiler.
2026.05.20 18:18:22 WARN  no build target for: E:\004 szko³a\rok 3\semestr 6\pwsi\projekt\kalkulator-placowy\src\main\java\pl\edu\payroll\controller\PayslipController.java
2026.05.20 18:18:22 INFO  no build target found for E:\004 szko³a\rok 3\semestr 6\pwsi\projekt\kalkulator-placowy\src\main\java\pl\edu\payroll\controller\PayslipController.java. Using fallback presentation compiler.
2026.05.20 18:18:22 INFO  no build target found for E:\004 szko³a\rok 3\semestr 6\pwsi\projekt\kalkulator-placowy\src\main\java\pl\edu\payroll\controller\PayslipController.java. Using fallback presentation compiler.
2026.05.20 18:18:22 INFO  no build target found for E:\004 szko³a\rok 3\semestr 6\pwsi\projekt\kalkulator-placowy\src\main\java\pl\edu\payroll\controller\PayslipController.java. Using fallback presentation compiler.
2026.05.20 18:18:22 INFO  no build target found for E:\004 szko³a\rok 3\semestr 6\pwsi\projekt\kalkulator-placowy\src\main\java\pl\edu\payroll\controller\PayslipController.java. Using fallback presentation compiler.
2026.05.20 18:18:23 INFO  no build target found for E:\004 szko³a\rok 3\semestr 6\pwsi\projekt\kalkulator-placowy\src\main\java\pl\edu\payroll\controller\PayslipController.java. Using fallback presentation compiler.
2026.05.20 18:18:42 INFO  no build target found for E:\004 szko³a\rok 3\semestr 6\pwsi\projekt\kalkulator-placowy\src\main\java\pl\edu\payroll\controller\PayslipController.java. Using fallback presentation compiler.
2026.05.20 18:18:43 WARN  no build target for: E:\004 szko³a\rok 3\semestr 6\pwsi\projekt\kalkulator-placowy\src\main\java\pl\edu\payroll\controller\PayslipController.java
2026.05.20 18:18:44 INFO  no build target found for E:\004 szko³a\rok 3\semestr 6\pwsi\projekt\kalkulator-placowy\src\main\java\pl\edu\payroll\controller\PayslipController.java. Using fallback presentation compiler.
2026.05.20 18:18:44 INFO  no build target found for E:\004 szko³a\rok 3\semestr 6\pwsi\projekt\kalkulator-placowy\src\main\java\pl\edu\payroll\controller\PayslipController.java. Using fallback presentation compiler.
2026.05.20 18:18:44 INFO  no build target found for E:\004 szko³a\rok 3\semestr 6\pwsi\projekt\kalkulator-placowy\src\main\java\pl\edu\payroll\controller\PayslipController.java. Using fallback presentation compiler.
2026.05.20 18:18:44 INFO  no build target found for E:\004 szko³a\rok 3\semestr 6\pwsi\projekt\kalkulator-placowy\src\main\java\pl\edu\payroll\controller\PayslipController.java. Using fallback presentation compiler.
2026.05.20 18:18:50 INFO  no build target found for E:\004 szko³a\rok 3\semestr 6\pwsi\projekt\kalkulator-placowy\src\main\java\pl\edu\payroll\service\PasswordResetService.java. Using fallback presentation compiler.
2026.05.20 18:18:56 INFO  no build target found for E:\004 szko³a\rok 3\semestr 6\pwsi\projekt\kalkulator-placowy\src\main\java\pl\edu\payroll\controller\PayslipController.java. Using fallback presentation compiler.
2026.05.20 18:18:56 WARN  no build target for: E:\004 szko³a\rok 3\semestr 6\pwsi\projekt\kalkulator-placowy\src\main\java\pl\edu\payroll\controller\PayslipController.java
2026.05.20 18:18:57 INFO  no build target found for E:\004 szko³a\rok 3\semestr 6\pwsi\projekt\kalkulator-placowy\src\main\java\pl\edu\payroll\controller\PayslipController.java. Using fallback presentation compiler.
2026.05.20 18:18:57 INFO  no build target found for E:\004 szko³a\rok 3\semestr 6\pwsi\projekt\kalkulator-placowy\src\main\java\pl\edu\payroll\controller\PayslipController.java. Using fallback presentation compiler.
2026.05.20 18:18:57 INFO  no build target found for E:\004 szko³a\rok 3\semestr 6\pwsi\projekt\kalkulator-placowy\src\main\java\pl\edu\payroll\controller\PayslipController.java. Using fallback presentation compiler.
2026.05.20 18:18:57 INFO  no build target found for E:\004 szko³a\rok 3\semestr 6\pwsi\projekt\kalkulator-placowy\src\main\java\pl\edu\payroll\controller\PayslipController.java. Using fallback presentation compiler.
2026.05.20 18:19:12 INFO  no build target found for E:\004 szko³a\rok 3\semestr 6\pwsi\projekt\kalkulator-placowy\src\main\java\pl\edu\payroll\controller\PayslipController.java. Using fallback presentation compiler.
2026.05.20 18:19:12 WARN  no build target for: E:\004 szko³a\rok 3\semestr 6\pwsi\projekt\kalkulator-placowy\src\main\java\pl\edu\payroll\controller\PayslipController.java
2026.05.20 18:19:13 INFO  no build target found for E:\004 szko³a\rok 3\semestr 6\pwsi\projekt\kalkulator-placowy\src\main\java\pl\edu\payroll\controller\PayslipController.java. Using fallback presentation compiler.
2026.05.20 18:19:13 INFO  no build target found for E:\004 szko³a\rok 3\semestr 6\pwsi\projekt\kalkulator-placowy\src\main\java\pl\edu\payroll\controller\PayslipController.java. Using fallback presentation compiler.
2026.05.20 18:19:13 INFO  no build target found for E:\004 szko³a\rok 3\semestr 6\pwsi\projekt\kalkulator-placowy\src\main\java\pl\edu\payroll\controller\PayslipController.java. Using fallback presentation compiler.
2026.05.20 18:19:13 INFO  no build target found for E:\004 szko³a\rok 3\semestr 6\pwsi\projekt\kalkulator-placowy\src\main\java\pl\edu\payroll\controller\PayslipController.java. Using fallback presentation compiler.
2026.05.20 18:19:23 INFO  no build target found for E:\004 szko³a\rok 3\semestr 6\pwsi\projekt\kalkulator-placowy\src\main\java\pl\edu\payroll\controller\PayslipController.java. Using fallback presentation compiler.
2026.05.20 18:19:23 INFO  no build target found for E:\004 szko³a\rok 3\semestr 6\pwsi\projekt\kalkulator-placowy\src\main\java\pl\edu\payroll\controller\PayslipController.java. Using fallback presentation compiler.
2026.05.20 18:19:23 INFO  no build target found for E:\004 szko³a\rok 3\semestr 6\pwsi\projekt\kalkulator-placowy\src\main\java\pl\edu\payroll\controller\PayslipController.java. Using fallback presentation compiler.
2026.05.20 18:19:23 INFO  no build target found for E:\004 szko³a\rok 3\semestr 6\pwsi\projekt\kalkulator-placowy\src\main\java\pl\edu\payroll\controller\PayslipController.java. Using fallback presentation compiler.
2026.05.20 18:19:23 INFO  no build target found for E:\004 szko³a\rok 3\semestr 6\pwsi\projekt\kalkulator-placowy\src\main\java\pl\edu\payroll\controller\PayslipController.java. Using fallback presentation compiler.
2026.05.20 18:19:23 INFO  no build target found for E:\004 szko³a\rok 3\semestr 6\pwsi\projekt\kalkulator-placowy\src\main\java\pl\edu\payroll\controller\PayslipController.java. Using fallback presentation compiler.
2026.05.20 18:19:23 INFO  no build target found for E:\004 szko³a\rok 3\semestr 6\pwsi\projekt\kalkulator-placowy\src\main\java\pl\edu\payroll\controller\PayslipController.java. Using fallback presentation compiler.
2026.05.20 18:19:23 INFO  no build target found for E:\004 szko³a\rok 3\semestr 6\pwsi\projekt\kalkulator-placowy\src\main\java\pl\edu\payroll\controller\PayslipController.java. Using fallback presentation compiler.
2026.05.20 18:19:23 INFO  no build target found for E:\004 szko³a\rok 3\semestr 6\pwsi\projekt\kalkulator-placowy\src\main\java\pl\edu\payroll\controller\PayslipController.java. Using fallback presentation compiler.
2026.05.20 18:19:23 INFO  no build target found for E:\004 szko³a\rok 3\semestr 6\pwsi\projekt\kalkulator-placowy\src\main\java\pl\edu\payroll\controller\PayslipController.java. Using fallback presentation compiler.
2026.05.20 18:19:23 INFO  no build target found for E:\004 szko³a\rok 3\semestr 6\pwsi\projekt\kalkulator-placowy\src\main\java\pl\edu\payroll\controller\PayslipController.java. Using fallback presentation compiler.
2026.05.20 18:19:23 INFO  no build target found for E:\004 szko³a\rok 3\semestr 6\pwsi\projekt\kalkulator-placowy\src\main\java\pl\edu\payroll\controller\PayslipController.java. Using fallback presentation compiler.
2026.05.20 18:19:24 INFO  no build target found for E:\004 szko³a\rok 3\semestr 6\pwsi\projekt\kalkulator-placowy\src\main\java\pl\edu\payroll\controller\PayslipController.java. Using fallback presentation compiler.
2026.05.20 18:19:24 WARN  no build target for: E:\004 szko³a\rok 3\semestr 6\pwsi\projekt\kalkulator-placowy\src\main\java\pl\edu\payroll\controller\PayslipController.java
2026.05.20 18:19:26 INFO  no build target found for E:\004 szko³a\rok 3\semestr 6\pwsi\projekt\kalkulator-placowy\src\main\java\pl\edu\payroll\controller\PayslipController.java. Using fallback presentation compiler.
2026.05.20 18:19:26 INFO  no build target found for E:\004 szko³a\rok 3\semestr 6\pwsi\projekt\kalkulator-placowy\src\main\java\pl\edu\payroll\controller\PayslipController.java. Using fallback presentation compiler.
2026.05.20 18:19:26 INFO  no build target found for E:\004 szko³a\rok 3\semestr 6\pwsi\projekt\kalkulator-placowy\src\main\java\pl\edu\payroll\controller\PayslipController.java. Using fallback presentation compiler.
2026.05.20 18:19:26 INFO  no build target found for E:\004 szko³a\rok 3\semestr 6\pwsi\projekt\kalkulator-placowy\src\main\java\pl\edu\payroll\controller\PayslipController.java. Using fallback presentation compiler.
2026.05.20 18:19:52 INFO  no build target found for E:\004 szko³a\rok 3\semestr 6\pwsi\projekt\kalkulator-placowy\src\main\java\pl\edu\payroll\controller\PayslipController.java. Using fallback presentation compiler.
2026.05.20 18:19:54 WARN  no build target for: E:\004 szko³a\rok 3\semestr 6\pwsi\projekt\kalkulator-placowy\src\main\java\pl\edu\payroll\controller\PayslipController.java
2026.05.20 18:19:54 INFO  no build target found for E:\004 szko³a\rok 3\semestr 6\pwsi\projekt\kalkulator-placowy\src\main\java\pl\edu\payroll\controller\PayslipController.java. Using fallback presentation compiler.
2026.05.20 18:19:54 INFO  no build target found for E:\004 szko³a\rok 3\semestr 6\pwsi\projekt\kalkulator-placowy\src\main\java\pl\edu\payroll\controller\PayslipController.java. Using fallback presentation compiler.
2026.05.20 18:19:54 INFO  no build target found for E:\004 szko³a\rok 3\semestr 6\pwsi\projekt\kalkulator-placowy\src\main\java\pl\edu\payroll\controller\PayslipController.java. Using fallback presentation compiler.
2026.05.20 18:19:55 INFO  no build target found for E:\004 szko³a\rok 3\semestr 6\pwsi\projekt\kalkulator-placowy\src\main\java\pl\edu\payroll\controller\PayslipController.java. Using fallback presentation compiler.
2026.05.20 18:20:00 INFO  no build target found for E:\004 szko³a\rok 3\semestr 6\pwsi\projekt\kalkulator-placowy\src\main\java\pl\edu\payroll\controller\PayslipController.java. Using fallback presentation compiler.
2026.05.20 18:20:13 INFO  no build target found for E:\004 szko³a\rok 3\semestr 6\pwsi\projekt\kalkulator-placowy\src\main\java\pl\edu\payroll\controller\PayslipController.java. Using fallback presentation compiler.
2026.05.20 18:25:33 INFO  no build target found for E:\004 szko³a\rok 3\semestr 6\pwsi\projekt\kalkulator-placowy\src\main\java\pl\edu\payroll\repository\AbsenceRepository.java. Using fallback presentation compiler.
2026.05.20 18:25:33 INFO  no build target found for E:\004 szko³a\rok 3\semestr 6\pwsi\projekt\kalkulator-placowy\src\main\java\pl\edu\payroll\repository\AbsenceRepository.java. Using fallback presentation compiler.
2026.05.20 18:25:34 INFO  no build target found for E:\004 szko³a\rok 3\semestr 6\pwsi\projekt\kalkulator-placowy\src\main\java\pl\edu\payroll\repository\AbsenceRepository.java. Using fallback presentation compiler.
2026.05.20 18:25:33 INFO  no build target found for E:\004 szko³a\rok 3\semestr 6\pwsi\projekt\kalkulator-placowy\src\main\java\pl\edu\payroll\repository\AbsenceRepository.java. Using fallback presentation compiler.
2026.05.20 18:25:37 INFO  no build target found for E:\004 szko³a\rok 3\semestr 6\pwsi\projekt\kalkulator-placowy\src\main\java\pl\edu\payroll\repository\AbsenceRepository.java. Using fallback presentation compiler.
2026.05.20 18:25:52 INFO  no build target found for E:\004 szko³a\rok 3\semestr 6\pwsi\projekt\kalkulator-placowy\src\main\java\pl\edu\payroll\repository\GusRepository.java. Using fallback presentation compiler.
2026.05.20 18:25:52 INFO  no build target found for E:\004 szko³a\rok 3\semestr 6\pwsi\projekt\kalkulator-placowy\src\main\java\pl\edu\payroll\repository\GusRepository.java. Using fallback presentation compiler.
2026.05.20 18:25:52 INFO  no build target found for E:\004 szko³a\rok 3\semestr 6\pwsi\projekt\kalkulator-placowy\src\main\java\pl\edu\payroll\repository\GusRepository.java. Using fallback presentation compiler.
2026.05.20 18:25:53 INFO  no build target found for E:\004 szko³a\rok 3\semestr 6\pwsi\projekt\kalkulator-placowy\src\main\java\pl\edu\payroll\repository\GusRepository.java. Using fallback presentation compiler.
2026.05.20 18:26:02 INFO  no build target found for E:\004 szko³a\rok 3\semestr 6\pwsi\projekt\kalkulator-placowy\src\main\java\pl\edu\payroll\repository\GusRepository.java. Using fallback presentation compiler.
2026.05.20 18:28:33 INFO  no build target found for E:\004 szko³a\rok 3\semestr 6\pwsi\projekt\kalkulator-placowy\src\main\java\pl\edu\payroll\repository\AbsenceRepository.java. Using fallback presentation compiler.
2026.05.20 18:28:52 INFO  no build target found for E:\004 szko³a\rok 3\semestr 6\pwsi\projekt\kalkulator-placowy\src\main\java\pl\edu\payroll\repository\GusRepository.java. Using fallback presentation compiler.
2026.05.20 18:52:05 INFO  no build target found for E:\004 szko³a\rok 3\semestr 6\pwsi\projekt\kalkulator-placowy\src\main\java\pl\edu\payroll\entity\GusLifeExpectancy.java. Using fallback presentation compiler.
2026.05.20 18:52:05 INFO  no build target found for E:\004 szko³a\rok 3\semestr 6\pwsi\projekt\kalkulator-placowy\src\main\java\pl\edu\payroll\entity\GusLifeExpectancy.java. Using fallback presentation compiler.
2026.05.20 18:52:05 INFO  no build target found for E:\004 szko³a\rok 3\semestr 6\pwsi\projekt\kalkulator-placowy\src\main\java\pl\edu\payroll\entity\GusLifeExpectancy.java. Using fallback presentation compiler.
2026.05.20 18:52:09 INFO  no build target found for E:\004 szko³a\rok 3\semestr 6\pwsi\projekt\kalkulator-placowy\src\main\java\pl\edu\payroll\entity\GusLifeExpectancy.java. Using fallback presentation compiler.
2026.05.20 18:53:18 INFO  no build target found for E:\004 szko³a\rok 3\semestr 6\pwsi\projekt\kalkulator-placowy\src\main\java\pl\edu\payroll\entity\GusLifeExpectancy.java. Using fallback presentation compiler.
2026.05.20 18:53:18 INFO  no build target found for E:\004 szko³a\rok 3\semestr 6\pwsi\projekt\kalkulator-placowy\src\main\java\pl\edu\payroll\entity\GusLifeExpectancy.java. Using fallback presentation compiler.
2026.05.20 18:53:18 INFO  no build target found for E:\004 szko³a\rok 3\semestr 6\pwsi\projekt\kalkulator-placowy\src\main\java\pl\edu\payroll\entity\GusLifeExpectancy.java. Using fallback presentation compiler.
2026.05.20 18:53:21 INFO  no build target found for E:\004 szko³a\rok 3\semestr 6\pwsi\projekt\kalkulator-placowy\src\main\java\pl\edu\payroll\entity\GusLifeExpectancy.java. Using fallback presentation compiler.
2026.05.20 18:54:59 INFO  no build target found for E:\004 szko³a\rok 3\semestr 6\pwsi\projekt\kalkulator-placowy\src\main\java\pl\edu\payroll\entity\GusLifeExpectancy.java. Using fallback presentation compiler.
2026.05.20 18:57:39 INFO  no build target found for E:\004 szko³a\rok 3\semestr 6\pwsi\projekt\kalkulator-placowy\src\main\java\pl\edu\payroll\config\SecurityConfig.java. Using fallback presentation compiler.
2026.05.20 18:57:39 INFO  no build target found for E:\004 szko³a\rok 3\semestr 6\pwsi\projekt\kalkulator-placowy\src\main\java\pl\edu\payroll\config\SecurityConfig.java. Using fallback presentation compiler.
2026.05.20 18:57:39 INFO  no build target found for E:\004 szko³a\rok 3\semestr 6\pwsi\projekt\kalkulator-placowy\src\main\java\pl\edu\payroll\config\SecurityConfig.java. Using fallback presentation compiler.
2026.05.20 18:57:44 INFO  no build target found for E:\004 szko³a\rok 3\semestr 6\pwsi\projekt\kalkulator-placowy\src\main\java\pl\edu\payroll\config\SecurityConfig.java. Using fallback presentation compiler.
2026.05.20 18:59:01 INFO  no build target found for E:\004 szko³a\rok 3\semestr 6\pwsi\projekt\kalkulator-placowy\src\main\java\pl\edu\payroll\config\SecurityConfig.java. Using fallback presentation compiler.
2026.05.20 19:04:52 INFO  no build target found for E:\004 szko³a\rok 3\semestr 6\pwsi\projekt\kalkulator-placowy\src\main\java\pl\edu\payroll\service\RetirementService.java. Using fallback presentation compiler.
2026.05.20 19:04:57 INFO  no build target found for E:\004 szko³a\rok 3\semestr 6\pwsi\projekt\kalkulator-placowy\src\main\java\pl\edu\payroll\controller\RetirementController.java. Using fallback presentation compiler.
2026.05.20 19:05:04 INFO  no build target found for E:\004 szko³a\rok 3\semestr 6\pwsi\projekt\kalkulator-placowy\src\main\java\pl\edu\payroll\controller\EmployeeController.java. Using fallback presentation compiler.
2026.05.20 19:05:04 INFO  no build target found for E:\004 szko³a\rok 3\semestr 6\pwsi\projekt\kalkulator-placowy\src\main\java\pl\edu\payroll\repository\GusRepository.java. Using fallback presentation compiler.
2026.05.20 19:05:26 INFO  no build target found for E:\004 szko³a\rok 3\semestr 6\pwsi\projekt\kalkulator-placowy\src\main\java\pl\edu\payroll\service\EmployeeService.java. Using fallback presentation compiler.
